
> careconnect-electron-app@1.0.0 test
> jest --coverage

-------------------|---------|----------|---------|---------|--------------------------------------------------------
File               | % Stmts | % Branch | % Funcs | % Lines | Uncovered Line #s
-------------------|---------|----------|---------|---------|--------------------------------------------------------
All files          |   95.14 |    90.56 |   92.66 |   96.34 |
 main              |   99.23 |    95.58 |     100 |     100 |
  main.js          |   98.38 |    89.65 |     100 |     100 | 76,110-115
  menu.js          |     100 |      100 |     100 |     100 |
  window-state.js  |     100 |      100 |     100 |     100 |
 preload           |     100 |      100 |     100 |     100 |
  preload.js       |     100 |      100 |     100 |     100 |
 renderer          |   91.96 |    85.22 |    86.3 |   92.92 |
  App.jsx          |    91.9 |    85.22 |   86.11 |   92.85 | 39,122,231-232,289-290,410,432,536,546-594,629,731-735
  main.jsx         |     100 |      100 |     100 |     100 |
 renderer/auth     |    96.5 |    95.27 |   97.05 |   98.51 |
  DemoSession.jsx  |    96.5 |    95.27 |   97.05 |   98.51 | 29,384
 shared            |     100 |      100 |     100 |     100 |
  ipc-channels.cjs |     100 |      100 |     100 |     100 |
-------------------|---------|----------|---------|---------|--------------------------------------------------------

Test Suites: 6 passed, 6 total
Tests:       29 passed, 29 total
Snapshots:   0 total
Time:        2.579 s
Ran all test suites.
